Completion items:
  label={"key"} kind={Nothing} detail={Nothing}
